---
source: src/nom/decoder/lp_problem.rs
expression: objectives
---
[
    Objective {
        name: Some(
            "obj1",
        ),
        coefficients: [
            Coefficient {
                var_name: "x",
                coefficient: -0.5,
            },
            Coefficient {
                var_name: "y",
                coefficient: -2.0,
            },
            Coefficient {
                var_name: "z",
                coefficient: -8.0,
            },
        ],
    },
    Objective {
        name: Some(
            "obj2",
        ),
        coefficients: [
            Coefficient {
                var_name: "y",
                coefficient: 1.0,
            },
            Coefficient {
                var_name: "x",
                coefficient: 1.0,
            },
            Coefficient {
                var_name: "z",
                coefficient: 1.0,
            },
        ],
    },
    Objective {
        name: Some(
            "obj3",
        ),
        coefficients: [
            Coefficient {
                var_name: "z",
                coefficient: 10.0,
            },
            Coefficient {
                var_name: "x",
                coefficient: -2.5,
            },
            Coefficient {
                var_name: "y",
                coefficient: 1.0,
            },
        ],
    },
]
