---
source: tests/diff_feature.rs
expression: a.diff(&b)
---
var_name: b
coefficient: 0
