---
source: tests/test_from_file.rs
expression: result
---
problem_name: ~
problem_sense: Maximize
variables:
  x1:
    Bounded:
      - 0
      - inf
      - false
  x2:
    Bounded:
      - 0
      - 10
      - false
  x3:
    Bounded:
      - 0
      - inf
      - false
  x4:
    Bounded:
      - 0
      - inf
      - false
objectives:
  - name: obj
    coefficients:
      - var_name: x1
        coefficient: 3
      - var_name: x2
        coefficient: 1
      - var_name: x3
        coefficient: 5
      - var_name: x4
        coefficient: 1
constraints:
  "c1:":
    Standard:
      name: "c1:"
      coefficients:
        - var_name: x1
          coefficient: 3
        - var_name: x2
          coefficient: 1
        - var_name: x3
          coefficient: 2
      sense: "="
      rhs: 30
  "c2:":
    Standard:
      name: "c2:"
      coefficients:
        - var_name: x1
          coefficient: 2
        - var_name: x2
          coefficient: 1
        - var_name: x3
          coefficient: 3
        - var_name: x4
          coefficient: 1
      sense: ">="
      rhs: 15
  "c3:":
    Standard:
      name: "c3:"
      coefficients:
        - var_name: x2
          coefficient: 2
        - var_name: x4
          coefficient: 3
      sense: "<="
      rhs: 25
