---
source: tests/test_nom_from_file.rs
expression: parsed
---
name: "Problem name: kb2.mps"
sense: Minimize
objectives:
  FAT7..J.:
    name: FAT7..J.
    coefficients:
      - var_name: D3T...BW
        coefficient: -16.5
      - var_name: _EN4...BW
        coefficient: 12
      - var_name: _ETO...BW
        coefficient: 16
      - var_name: QPB73EBW
        coefficient: 0.08757
      - var_name: QPB73RBW
        coefficient: 0.08757
constraints:
  B3E...BW:
    type: Standard
    name: B3E...BW
    coefficients:
      - var_name: M3..3TBW
        coefficient: -0.29
      - var_name: QVO73EBW
        coefficient: 1
    operator: EQ
    rhs: 0
  B3E.VOBW:
    type: Standard
    name: B3E.VOBW
    coefficients:
      - var_name: BAL.3EBW
        coefficient: 1
      - var_name: BHC.3EBW
        coefficient: 1
      - var_name: BLC.3EBW
        coefficient: 1
      - var_name: BLV.3EBW
        coefficient: 1
      - var_name: BN4.3EBW
        coefficient: 1
      - var_name: BP8.3EBW
        coefficient: 1
      - var_name: BTO.3EBW
        coefficient: 1
      - var_name: QVO73EBW
        coefficient: -1
    operator: EQ
    rhs: 0
  B3P...BW:
    type: Standard
    name: B3P...BW
    coefficients:
      - var_name: M3..3TBW
        coefficient: -0.17
      - var_name: QVO73PBW
        coefficient: 1
    operator: EQ
    rhs: 0
  B3P.VOBW:
    type: Standard
    name: B3P.VOBW
    coefficients:
      - var_name: BAL.3PBW
        coefficient: 1
      - var_name: BHC.3PBW
        coefficient: 1
      - var_name: BLC.3PBW
        coefficient: 1
      - var_name: BLV.3PBW
        coefficient: 1
      - var_name: BN4.3PBW
        coefficient: 1
      - var_name: BP8.3PBW
        coefficient: 1
      - var_name: BTO.3PBW
        coefficient: 1
      - var_name: QVO73PBW
        coefficient: -1
    operator: EQ
    rhs: 0
  B3R...BW:
    type: Standard
    name: B3R...BW
    coefficients:
      - var_name: M3..3TBW
        coefficient: -0.54
      - var_name: QVO73RBW
        coefficient: 1
    operator: EQ
    rhs: 0
  B3R.VOBW:
    type: Standard
    name: B3R.VOBW
    coefficients:
      - var_name: BAL.3RBW
        coefficient: 1
      - var_name: BHC.3RBW
        coefficient: 1
      - var_name: BLC.3RBW
        coefficient: 1
      - var_name: BLV.3RBW
        coefficient: 1
      - var_name: BN4.3RBW
        coefficient: 1
      - var_name: BP8.3RBW
        coefficient: 1
      - var_name: BTO.3RBW
        coefficient: 1
      - var_name: QVO73RBW
        coefficient: -1
    operator: EQ
    rhs: 0
  B3T...BW:
    type: Standard
    name: B3T...BW
    coefficients:
      - var_name: D3T...BW
        coefficient: -1
      - var_name: M3..3TBW
        coefficient: 1
    operator: EQ
    rhs: 0
  BAL...BW:
    type: Standard
    name: BAL...BW
    coefficients:
      - var_name: BAL.3EBW
        coefficient: -1
      - var_name: BAL.3PBW
        coefficient: -1
      - var_name: BAL.3RBW
        coefficient: -1
      - var_name: _EAL...BW
        coefficient: 1
    operator: EQ
    rhs: 0
  BHC...BW:
    type: Standard
    name: BHC...BW
    coefficients:
      - var_name: BHC.3EBW
        coefficient: -1
      - var_name: BHC.3PBW
        coefficient: -1
      - var_name: BHC.3RBW
        coefficient: -1
      - var_name: _EHC...BW
        coefficient: 1
    operator: EQ
    rhs: 0
  BLC...BW:
    type: Standard
    name: BLC...BW
    coefficients:
      - var_name: BLC.3EBW
        coefficient: -1
      - var_name: BLC.3PBW
        coefficient: -1
      - var_name: BLC.3RBW
        coefficient: -1
      - var_name: _ELC...BW
        coefficient: 1
    operator: EQ
    rhs: 0
  BLV...BW:
    type: Standard
    name: BLV...BW
    coefficients:
      - var_name: BLV.3EBW
        coefficient: -1
      - var_name: BLV.3PBW
        coefficient: -1
      - var_name: BLV.3RBW
        coefficient: -1
      - var_name: _ELV...BW
        coefficient: 1
    operator: EQ
    rhs: 0
  BN4...BW:
    type: Standard
    name: BN4...BW
    coefficients:
      - var_name: BN4.3EBW
        coefficient: -1
      - var_name: BN4.3PBW
        coefficient: -1
      - var_name: BN4.3RBW
        coefficient: -1
      - var_name: _EN4...BW
        coefficient: 1
    operator: EQ
    rhs: 0
  BP8...BW:
    type: Standard
    name: BP8...BW
    coefficients:
      - var_name: BP8.3EBW
        coefficient: -1
      - var_name: BP8.3PBW
        coefficient: -1
      - var_name: BP8.3RBW
        coefficient: -1
      - var_name: _EP8...BW
        coefficient: 1
    operator: EQ
    rhs: 0
  BTO...BW:
    type: Standard
    name: BTO...BW
    coefficients:
      - var_name: BTO.3EBW
        coefficient: -1
      - var_name: BTO.3PBW
        coefficient: -1
      - var_name: BTO.3RBW
        coefficient: -1
      - var_name: _ETO...BW
        coefficient: 1
    operator: EQ
    rhs: 0
  HMH.3EBW:
    type: Standard
    name: HMH.3EBW
    coefficients:
      - var_name: BAL.3EBW
        coefficient: 99.18559
      - var_name: BHC.3EBW
        coefficient: 82.04308
      - var_name: BLC.3EBW
        coefficient: 83.9937
      - var_name: BLV.3EBW
        coefficient: 85.61385
      - var_name: BN4.3EBW
        coefficient: 98.06433
      - var_name: BP8.3EBW
        coefficient: 91.62642
      - var_name: BTO.3EBW
        coefficient: 90.49629
      - var_name: QPB73EBW
        coefficient: 1.23842
      - var_name: QVO73EBW
        coefficient: -2.10531
      - var_name: WMO73EBW
        coefficient: -1
    operator: GTE
    rhs: 0
  HMH.3RBW:
    type: Standard
    name: HMH.3RBW
    coefficients:
      - var_name: BAL.3RBW
        coefficient: 99.18559
      - var_name: BHC.3RBW
        coefficient: 82.04308
      - var_name: BLC.3RBW
        coefficient: 83.9937
      - var_name: BLV.3RBW
        coefficient: 85.61385
      - var_name: BN4.3RBW
        coefficient: 98.06433
      - var_name: BP8.3RBW
        coefficient: 91.62642
      - var_name: BTO.3RBW
        coefficient: 90.49629
      - var_name: QPB73RBW
        coefficient: 1.75028
      - var_name: QVO73RBW
        coefficient: -2.97548
      - var_name: WMO73RBW
        coefficient: -1
    operator: GTE
    rhs: 0
  HML.3EBW:
    type: Standard
    name: HML.3EBW
    coefficients:
      - var_name: BAL.3EBW
        coefficient: 94.63568
      - var_name: BHC.3EBW
        coefficient: 79.40534
      - var_name: BLC.3EBW
        coefficient: 80.37873
      - var_name: BLV.3EBW
        coefficient: 80.36789
      - var_name: BN4.3EBW
        coefficient: 92.71594
      - var_name: BP8.3EBW
        coefficient: 90.03844
      - var_name: BTO.3EBW
        coefficient: 89.10432
      - var_name: QPB73EBW
        coefficient: 3.42918
      - var_name: QVO73EBW
        coefficient: -1.37167
      - var_name: WMO73EBW
        coefficient: -1
    operator: GTE
    rhs: 0
  HML.3RBW:
    type: Standard
    name: HML.3RBW
    coefficients:
      - var_name: BAL.3RBW
        coefficient: 95.17073
      - var_name: BHC.3RBW
        coefficient: 79.72867
      - var_name: BLC.3RBW
        coefficient: 80.82888
      - var_name: BLV.3RBW
        coefficient: 81.03825
      - var_name: BN4.3RBW
        coefficient: 93.41749
      - var_name: BP8.3RBW
        coefficient: 90.22411
      - var_name: BTO.3RBW
        coefficient: 89.25587
      - var_name: QPB73RBW
        coefficient: 4.41873
      - var_name: QVO73RBW
        coefficient: -2.20937
      - var_name: WMO73RBW
        coefficient: -1
    operator: GTE
    rhs: 0
  HMM.3EBW:
    type: Standard
    name: HMM.3EBW
    coefficients:
      - var_name: BAL.3EBW
        coefficient: 98.08976
      - var_name: BHC.3EBW
        coefficient: 81.47009
      - var_name: BLC.3EBW
        coefficient: 83.22026
      - var_name: BLV.3EBW
        coefficient: 84.5191
      - var_name: BN4.3EBW
        coefficient: 96.86628
      - var_name: BP8.3EBW
        coefficient: 91.26611
      - var_name: BTO.3EBW
        coefficient: 90.14887
      - var_name: QPB73EBW
        coefficient: 1.55751
      - var_name: QVO73EBW
        coefficient: -2.02477
      - var_name: WMO73EBW
        coefficient: -1
    operator: GTE
    rhs: 0
  HMM.3RBW:
    type: Standard
    name: HMM.3RBW
    coefficients:
      - var_name: BAL.3RBW
        coefficient: 97.11016
      - var_name: BHC.3RBW
        coefficient: 80.94047
      - var_name: BLC.3RBW
        coefficient: 82.49926
      - var_name: BLV.3RBW
        coefficient: 83.48458
      - var_name: BN4.3RBW
        coefficient: 95.86635
      - var_name: BP8.3RBW
        coefficient: 90.94112
      - var_name: BTO.3RBW
        coefficient: 89.84584
      - var_name: QPB73RBW
        coefficient: 2.74531
      - var_name: QVO73RBW
        coefficient: -2.74531
      - var_name: WMO73RBW
        coefficient: -1
    operator: GTE
    rhs: 0
  HRH.3EBW:
    type: Standard
    name: HRH.3EBW
    coefficients:
      - var_name: BAL.3EBW
        coefficient: 103.0581
      - var_name: BHC.3EBW
        coefficient: 95.02163
      - var_name: BLC.3EBW
        coefficient: 98.64634
      - var_name: BLV.3EBW
        coefficient: 88.46612
      - var_name: BN4.3EBW
        coefficient: 101.66321
      - var_name: BP8.3EBW
        coefficient: 102.51818
      - var_name: BTO.3EBW
        coefficient: 106.46719
      - var_name: QPB73EBW
        coefficient: 1.27141
      - var_name: QVO73EBW
        coefficient: -2.16139
      - var_name: WRO73EBW
        coefficient: -1
    operator: GTE
    rhs: 0
  HRH.3RBW:
    type: Standard
    name: HRH.3RBW
    coefficients:
      - var_name: BAL.3RBW
        coefficient: 103.0581
      - var_name: BHC.3RBW
        coefficient: 95.02163
      - var_name: BLC.3RBW
        coefficient: 98.64634
      - var_name: BLV.3RBW
        coefficient: 88.46612
      - var_name: BN4.3RBW
        coefficient: 101.66321
      - var_name: BP8.3RBW
        coefficient: 102.51818
      - var_name: BTO.3RBW
        coefficient: 106.46719
      - var_name: QPB73RBW
        coefficient: 1.64391
      - var_name: QVO73RBW
        coefficient: -2.79464
      - var_name: WRO73RBW
        coefficient: -1
    operator: GTE
    rhs: 0
  HRL.3EBW:
    type: Standard
    name: HRL.3EBW
    coefficients:
      - var_name: BAL.3EBW
        coefficient: 98.70277
      - var_name: BHC.3EBW
        coefficient: 92.89535
      - var_name: BLC.3EBW
        coefficient: 95.38345
      - var_name: BLV.3EBW
        coefficient: 82.8797
      - var_name: BN4.3EBW
        coefficient: 97.32996
      - var_name: BP8.3EBW
        coefficient: 101.17309
      - var_name: BTO.3EBW
        coefficient: 105.47666
      - var_name: QPB73EBW
        coefficient: 2.52143
      - var_name: QVO73EBW
        coefficient: -1.00857
      - var_name: WRO73EBW
        coefficient: -1
    operator: GTE
    rhs: 0
  HRL.3RBW:
    type: Standard
    name: HRL.3RBW
    coefficients:
      - var_name: BAL.3RBW
        coefficient: 99.19039
      - var_name: BHC.3RBW
        coefficient: 93.16124
      - var_name: BLC.3RBW
        coefficient: 95.80861
      - var_name: BLV.3RBW
        coefficient: 83.61375
      - var_name: BN4.3RBW
        coefficient: 97.86876
      - var_name: BP8.3RBW
        coefficient: 101.32905
      - var_name: BTO.3RBW
        coefficient: 105.58392
      - var_name: QPB73RBW
        coefficient: 4.31949
      - var_name: QVO73RBW
        coefficient: -2.15975
      - var_name: WRO73RBW
        coefficient: -1
    operator: GTE
    rhs: 0
  HRM.3EBW:
    type: Standard
    name: HRM.3EBW
    coefficients:
      - var_name: BAL.3EBW
        coefficient: 102.02191
      - var_name: BHC.3EBW
        coefficient: 94.57094
      - var_name: BLC.3EBW
        coefficient: 97.97965
      - var_name: BLV.3EBW
        coefficient: 87.33298
      - var_name: BN4.3EBW
        coefficient: 100.65
      - var_name: BP8.3EBW
        coefficient: 102.21363
      - var_name: BTO.3EBW
        coefficient: 106.21918
      - var_name: QPB73EBW
        coefficient: 1.54954
      - var_name: QVO73EBW
        coefficient: -2.0144
      - var_name: WRO73EBW
        coefficient: -1
    operator: GTE
    rhs: 0
  HRM.3RBW:
    type: Standard
    name: HRM.3RBW
    coefficients:
      - var_name: BAL.3RBW
        coefficient: 101.0885
      - var_name: BHC.3RBW
        coefficient: 94.14769
      - var_name: BLC.3RBW
        coefficient: 97.34183
      - var_name: BLV.3RBW
        coefficient: 86.24515
      - var_name: BN4.3RBW
        coefficient: 99.77765
      - var_name: BP8.3RBW
        coefficient: 101.93754
      - var_name: BTO.3RBW
        coefficient: 106.0019
      - var_name: QPB73RBW
        coefficient: 2.62696
      - var_name: QVO73RBW
        coefficient: -2.62696
      - var_name: WRO73RBW
        coefficient: -1
    operator: GTE
    rhs: 0
  NOI.3EBW:
    type: Standard
    name: NOI.3EBW
    coefficients:
      - var_name: QVO73EBW
        coefficient: -107.52
      - var_name: WMO73EBW
        coefficient: 0.73
      - var_name: WRO73EBW
        coefficient: 0.41
    operator: GTE
    rhs: 0
  NOI.3PBW:
    type: Standard
    name: NOI.3PBW
    coefficients:
      - var_name: QVO73PBW
        coefficient: -97.41
      - var_name: WMO73PBW
        coefficient: 0.84
      - var_name: WRO73PBW
        coefficient: 0.27
    operator: GTE
    rhs: 0
  NOI.3RBW:
    type: Standard
    name: NOI.3RBW
    coefficients:
      - var_name: QVO73RBW
        coefficient: -98.5
      - var_name: WMO73RBW
        coefficient: 0.81
      - var_name: WRO73RBW
        coefficient: 0.31
    operator: GTE
    rhs: 0
  WMO.3PBW:
    type: Standard
    name: WMO.3PBW
    coefficients:
      - var_name: BAL.3PBW
        coefficient: 91.96313
      - var_name: BHC.3PBW
        coefficient: 78.09095
      - var_name: BLC.3PBW
        coefficient: 80.74635
      - var_name: BLV.3PBW
        coefficient: 77.37441
      - var_name: BN4.3PBW
        coefficient: 88.35436
      - var_name: BP8.3PBW
        coefficient: 88.58029
      - var_name: BTO.3PBW
        coefficient: 88.18188
      - var_name: WMO73PBW
        coefficient: -1
    operator: EQ
    rhs: 0
  WRO.3PBW:
    type: Standard
    name: WRO.3PBW
    coefficients:
      - var_name: BAL.3PBW
        coefficient: 96.13556
      - var_name: BHC.3PBW
        coefficient: 90.99637
      - var_name: BLC.3PBW
        coefficient: 93.95665
      - var_name: BLV.3PBW
        coefficient: 79.78002
      - var_name: BN4.3PBW
        coefficient: 94.11062
      - var_name: BP8.3PBW
        coefficient: 99.83178
      - var_name: BTO.3PBW
        coefficient: 105.07558
      - var_name: WRO73PBW
        coefficient: -1
    operator: EQ
    rhs: 0
  X12.3EBW:
    type: Standard
    name: X12.3EBW
    coefficients:
      - var_name: BAL.3EBW
        coefficient: 50.3
      - var_name: BHC.3EBW
        coefficient: -15.6
      - var_name: BLC.3EBW
        coefficient: 57.9
      - var_name: BLV.3EBW
        coefficient: 102.3
      - var_name: BN4.3EBW
        coefficient: 113
      - var_name: BP8.3EBW
        coefficient: 28.9
      - var_name: BTO.3EBW
        coefficient: 5
      - var_name: QVO73EBW
        coefficient: -61
    operator: LTE
    rhs: 0
  X12.3PBW:
    type: Standard
    name: X12.3PBW
    coefficients:
      - var_name: BAL.3PBW
        coefficient: 50.3
      - var_name: BHC.3PBW
        coefficient: -15.6
      - var_name: BLC.3PBW
        coefficient: 57.9
      - var_name: BLV.3PBW
        coefficient: 102.3
      - var_name: BN4.3PBW
        coefficient: 113
      - var_name: BP8.3PBW
        coefficient: 28.9
      - var_name: BTO.3PBW
        coefficient: 5
      - var_name: QVO73PBW
        coefficient: -61
    operator: LTE
    rhs: 0
  X12.3RBW:
    type: Standard
    name: X12.3RBW
    coefficients:
      - var_name: BAL.3RBW
        coefficient: 50.3
      - var_name: BHC.3RBW
        coefficient: -15.6
      - var_name: BLC.3RBW
        coefficient: 57.9
      - var_name: BLV.3RBW
        coefficient: 102.3
      - var_name: BN4.3RBW
        coefficient: 113
      - var_name: BP8.3RBW
        coefficient: 28.9
      - var_name: BTO.3RBW
        coefficient: 5
      - var_name: QVO73RBW
        coefficient: -61
    operator: LTE
    rhs: 0
  XCV.3EBW:
    type: Standard
    name: XCV.3EBW
    coefficients:
      - var_name: BAL.3EBW
        coefficient: 6
      - var_name: BHC.3EBW
        coefficient: -2
      - var_name: BLC.3EBW
        coefficient: 7
      - var_name: BLV.3EBW
        coefficient: 14
      - var_name: BN4.3EBW
        coefficient: 80
      - var_name: BP8.3EBW
        coefficient: 4
      - var_name: BTO.3EBW
        coefficient: -1
      - var_name: QVO73EBW
        coefficient: -16
    operator: LTE
    rhs: 0
  XCV.3PBW:
    type: Standard
    name: XCV.3PBW
    coefficients:
      - var_name: BAL.3PBW
        coefficient: 6
      - var_name: BHC.3PBW
        coefficient: -2
      - var_name: BLC.3PBW
        coefficient: 7
      - var_name: BLV.3PBW
        coefficient: 14
      - var_name: BN4.3PBW
        coefficient: 80
      - var_name: BP8.3PBW
        coefficient: 4
      - var_name: BTO.3PBW
        coefficient: -1
      - var_name: QVO73PBW
        coefficient: -16
    operator: LTE
    rhs: 0
  XCV.3RBW:
    type: Standard
    name: XCV.3RBW
    coefficients:
      - var_name: BAL.3RBW
        coefficient: 6
      - var_name: BHC.3RBW
        coefficient: -2
      - var_name: BLC.3RBW
        coefficient: 7
      - var_name: BLV.3RBW
        coefficient: 14
      - var_name: BN4.3RBW
        coefficient: 80
      - var_name: BP8.3RBW
        coefficient: 4
      - var_name: BTO.3RBW
        coefficient: -1
      - var_name: QVO73RBW
        coefficient: -16
    operator: LTE
    rhs: 0
  XPB.3ABW:
    type: Standard
    name: XPB.3ABW
    coefficients:
      - var_name: QPB73EBW
        coefficient: 1
      - var_name: QVO73EBW
        coefficient: -1.5
      - var_name: QVO73PBW
        coefficient: -1.5
      - var_name: QPB73RBW
        coefficient: 1
      - var_name: QVO73RBW
        coefficient: -1.5
    operator: LTE
    rhs: 0
  XPB.3EBW:
    type: Standard
    name: XPB.3EBW
    coefficients:
      - var_name: QPB73EBW
        coefficient: 1
      - var_name: QVO73EBW
        coefficient: -1.7
    operator: LTE
    rhs: 0
  XPB.3RBW:
    type: Standard
    name: XPB.3RBW
    coefficients:
      - var_name: QPB73RBW
        coefficient: 1
      - var_name: QVO73RBW
        coefficient: -1.7
    operator: LTE
    rhs: 0
  XRV.3EBW:
    type: Standard
    name: XRV.3EBW
    coefficients:
      - var_name: BAL.3EBW
        coefficient: 4
      - var_name: BHC.3EBW
        coefficient: 0.5
      - var_name: BLC.3EBW
        coefficient: 4.5
      - var_name: BLV.3EBW
        coefficient: 7.2
      - var_name: BN4.3EBW
        coefficient: 70
      - var_name: BP8.3EBW
        coefficient: 3.6
      - var_name: BTO.3EBW
        coefficient: 1.2
      - var_name: QVO73EBW
        coefficient: -12
    operator: LTE
    rhs: 0
  XRV.3PBW:
    type: Standard
    name: XRV.3PBW
    coefficients:
      - var_name: BAL.3PBW
        coefficient: 4
      - var_name: BHC.3PBW
        coefficient: 0.5
      - var_name: BLC.3PBW
        coefficient: 4.5
      - var_name: BLV.3PBW
        coefficient: 7.2
      - var_name: BN4.3PBW
        coefficient: 70
      - var_name: BP8.3PBW
        coefficient: 3.6
      - var_name: BTO.3PBW
        coefficient: 1.2
      - var_name: QVO73PBW
        coefficient: -12
    operator: LTE
    rhs: 0
  XRV.3RBW:
    type: Standard
    name: XRV.3RBW
    coefficients:
      - var_name: BAL.3RBW
        coefficient: 4
      - var_name: BHC.3RBW
        coefficient: 0.5
      - var_name: BLC.3RBW
        coefficient: 4.5
      - var_name: BLV.3RBW
        coefficient: 7.2
      - var_name: BN4.3RBW
        coefficient: 70
      - var_name: BP8.3RBW
        coefficient: 3.6
      - var_name: BTO.3RBW
        coefficient: 1.2
      - var_name: QVO73RBW
        coefficient: -12
    operator: LTE
    rhs: 0
variables:
  BAL.3EBW:
    name: BAL.3EBW
    var_type: Free
  BAL.3PBW:
    name: BAL.3PBW
    var_type: Free
  BAL.3RBW:
    name: BAL.3RBW
    var_type: Free
  BHC.3EBW:
    name: BHC.3EBW
    var_type:
      DoubleBound:
        - 0
        - 10
  BHC.3PBW:
    name: BHC.3PBW
    var_type: Free
  BHC.3RBW:
    name: BHC.3RBW
    var_type: Free
  BLC.3EBW:
    name: BLC.3EBW
    var_type: Free
  BLC.3PBW:
    name: BLC.3PBW
    var_type: Free
  BLC.3RBW:
    name: BLC.3RBW
    var_type: Free
  BLV.3EBW:
    name: BLV.3EBW
    var_type: Free
  BLV.3PBW:
    name: BLV.3PBW
    var_type: Free
  BLV.3RBW:
    name: BLV.3RBW
    var_type: Free
  BN4.3EBW:
    name: BN4.3EBW
    var_type: Free
  BN4.3PBW:
    name: BN4.3PBW
    var_type: Free
  BN4.3RBW:
    name: BN4.3RBW
    var_type: Free
  BP8.3EBW:
    name: BP8.3EBW
    var_type: Free
  BP8.3PBW:
    name: BP8.3PBW
    var_type: Free
  BP8.3RBW:
    name: BP8.3RBW
    var_type: Free
  BTO.3EBW:
    name: BTO.3EBW
    var_type: Free
  BTO.3PBW:
    name: BTO.3PBW
    var_type: Free
  BTO.3RBW:
    name: BTO.3RBW
    var_type: Free
  D3T...BW:
    name: D3T...BW
    var_type:
      DoubleBound:
        - 0
        - 200
  M3..3TBW:
    name: M3..3TBW
    var_type: Free
  QPB73EBW:
    name: QPB73EBW
    var_type: Free
  QPB73RBW:
    name: QPB73RBW
    var_type: Free
  QVO73EBW:
    name: QVO73EBW
    var_type: Free
  QVO73PBW:
    name: QVO73PBW
    var_type: Free
  QVO73RBW:
    name: QVO73RBW
    var_type: Free
  WMO73EBW:
    name: WMO73EBW
    var_type: Free
  WMO73PBW:
    name: WMO73PBW
    var_type: Free
  WMO73RBW:
    name: WMO73RBW
    var_type: Free
  WRO73EBW:
    name: WRO73EBW
    var_type: Free
  WRO73PBW:
    name: WRO73PBW
    var_type: Free
  WRO73RBW:
    name: WRO73RBW
    var_type: Free
  _EAL...BW:
    name: _EAL...BW
    var_type:
      DoubleBound:
        - 0
        - 10
  _EHC...BW:
    name: _EHC...BW
    var_type:
      DoubleBound:
        - 0
        - 20
  _ELC...BW:
    name: _ELC...BW
    var_type:
      DoubleBound:
        - 0
        - 25
  _ELV...BW:
    name: _ELV...BW
    var_type:
      DoubleBound:
        - 0
        - 12
  _EN4...BW:
    name: _EN4...BW
    var_type:
      DoubleBound:
        - 0
        - 100
  _EP8...BW:
    name: _EP8...BW
    var_type:
      DoubleBound:
        - 0
        - 35
  _ETO...BW:
    name: _ETO...BW
    var_type:
      DoubleBound:
        - 0
        - 5
