---
source: tests/test_diff_feature.rs
expression: a.diff(&a)
---
coefficient: 0
var_name: ~
