---
source: tests/test_diff_feature.rs
expression: a.diff(&b)
---
Standard:
  name: b
  coefficients: []
  sense: NoChange
  rhs: 0
