---
source: tests/test_from_file.rs
expression: result
---
constraints:
  "c1:":
    Standard:
      name: "c1:"
      coefficients:
        - coefficient: 50
          var_name: x1
        - coefficient: 31
          var_name: x2
      sense: "<="
      rhs: 250
  "c2:":
    Standard:
      name: "c2:"
      coefficients:
        - coefficient: 3
          var_name: x1
        - coefficient: -2
          var_name: x2
      sense: ">="
      rhs: -4
objectives:
  - coefficients:
      - coefficient: 1
        var_name: x1
      - coefficient: 0.64
        var_name: x2
    name: obj
problem_name: ~
problem_sense: Maximize
variables:
  x1: General
  x2: General
